Restore Archived Project report for receiver_add_mode
Thu May 07 21:23:59 2015
Quartus II 64-Bit Version 13.1.0 Build 162 10/23/2013 SJ Full Version


---------------------
; Table of Contents ;
---------------------
  1. Legal Notice
  2. Restore Archived Project Summary
  3. Restore Archived Project Messages
  4. Files Restored
  5. Files Not Restored



----------------
; Legal Notice ;
----------------
Copyright (C) 1991-2013 Altera Corporation
Your use of Altera Corporation's design tools, logic functions 
and other software and tools, and its AMPP partner logic 
functions, and any output files from any of the foregoing 
(including device programming or simulation files), and any 
associated documentation or information are expressly subject 
to the terms and conditions of the Altera Program License 
Subscription Agreement, Altera MegaCore Function License 
Agreement, or other applicable license agreement, including, 
without limitation, that your use is for the sole purpose of 
programming logic devices manufactured by Altera and sold by 
Altera or its authorized distributors.  Please refer to the 
applicable agreement for further details.



+-------------------------------------------------------------------------+
; Restore Archived Project Summary                                        ;
+---------------------------------+---------------------------------------+
; Restore Archived Project Status ; Successful - Thu May 07 21:23:59 2015 ;
; Revision Name                   ; receiver_add_mode                     ;
; Top-level Entity Name           ; receiver                              ;
; Family                          ; Cyclone III                           ;
+---------------------------------+---------------------------------------+


+-----------------------------------+
; Restore Archived Project Messages ;
+-----------------------------------+
Info: Successfully restored 'D:/UIUC/R/fpga/receiver_v2/receiver_tmp_archive.qar' into the 'D:/UIUC/R/fpga/receiver_v2_clean' directory
Info: Generated report 'receiver_add_mode.restore.rpt'


+--------------------------------------------------------------+
; Files Restored                                               ;
+--------------------------------------------------------------+
; File Name                                                    ;
+--------------------------------------------------------------+
; assignment_defaults.qdf                                      ;
; code_ad9238_interface/ad9238_interface.vhd                   ;
; code_control_unit/control_unit.vhd                           ;
; code_control_unit/dff_8.bsf                                  ;
; code_control_unit/dff_8.cmp                                  ;
; code_control_unit/dff_8.qip                                  ;
; code_control_unit/dff_8.vhd                                  ;
; code_decoder_unit/adder_12.bsf                               ;
; code_decoder_unit/adder_12.cmp                               ;
; code_decoder_unit/adder_12.inc                               ;
; code_decoder_unit/adder_12.qip                               ;
; code_decoder_unit/adder_12.vhd                               ;
; code_decoder_unit/adder_12_inst.vhd                          ;
; code_decoder_unit/adder_14_d1.bsf                            ;
; code_decoder_unit/adder_14_d1.cmp                            ;
; code_decoder_unit/adder_14_d1.qip                            ;
; code_decoder_unit/adder_14_d1.vhd                            ;
; code_decoder_unit/adder_24_d1.bsf                            ;
; code_decoder_unit/adder_24_d1.cmp                            ;
; code_decoder_unit/adder_24_d1.qip                            ;
; code_decoder_unit/adder_24_d1.vhd                            ;
; code_decoder_unit/adder_parallel_12.bsf                      ;
; code_decoder_unit/adder_parallel_12.cmp                      ;
; code_decoder_unit/adder_parallel_12.qip                      ;
; code_decoder_unit/adder_parallel_12.vhd                      ;
; code_decoder_unit/adder_parallel_fir.bsf                     ;
; code_decoder_unit/adder_parallel_fir.cmp                     ;
; code_decoder_unit/adder_parallel_fir.qip                     ;
; code_decoder_unit/adder_parallel_fir.vhd                     ;
; code_decoder_unit/averager_4_12.vhd                          ;
; code_decoder_unit/averager_8_12.vhd                          ;
; code_decoder_unit/bit_select.vhd                             ;
; code_decoder_unit/comparator_delay2_12.bsf                   ;
; code_decoder_unit/comparator_delay2_12.cmp                   ;
; code_decoder_unit/comparator_delay2_12.inc                   ;
; code_decoder_unit/comparator_delay2_12.qip                   ;
; code_decoder_unit/comparator_delay2_12.vhd                   ;
; code_decoder_unit/comparator_delay2_12_inst.vhd              ;
; code_decoder_unit/comparator_delay2_14.bsf                   ;
; code_decoder_unit/comparator_delay2_14.cmp                   ;
; code_decoder_unit/comparator_delay2_14.qip                   ;
; code_decoder_unit/comparator_delay2_14.vhd                   ;
; code_decoder_unit/compare_12.bsf                             ;
; code_decoder_unit/compare_12.cmp                             ;
; code_decoder_unit/compare_12.inc                             ;
; code_decoder_unit/compare_12.qip                             ;
; code_decoder_unit/compare_12.vhd                             ;
; code_decoder_unit/compare_12_inst.vhd                        ;
; code_decoder_unit/compare_14.bsf                             ;
; code_decoder_unit/compare_14.cmp                             ;
; code_decoder_unit/compare_14.qip                             ;
; code_decoder_unit/compare_14.vhd                             ;
; code_decoder_unit/compare_sign_12.bsf                        ;
; code_decoder_unit/compare_sign_12.cmp                        ;
; code_decoder_unit/compare_sign_12.inc                        ;
; code_decoder_unit/compare_sign_12.qip                        ;
; code_decoder_unit/compare_sign_12.vhd                        ;
; code_decoder_unit/compare_sign_12_inst.vhd                   ;
; code_decoder_unit/compare_sign_14.bsf                        ;
; code_decoder_unit/compare_sign_14.cmp                        ;
; code_decoder_unit/compare_sign_14.qip                        ;
; code_decoder_unit/compare_sign_14.vhd                        ;
; code_decoder_unit/counter_48.bsf                             ;
; code_decoder_unit/counter_48.cmp                             ;
; code_decoder_unit/counter_48.qip                             ;
; code_decoder_unit/counter_48.vhd                             ;
; code_decoder_unit/data_send_control.vhd                      ;
; code_decoder_unit/decoder_ac.vhd                             ;
; code_decoder_unit/decoder_ac_control.vhd                     ;
; code_decoder_unit/decoder_data_control.vhd                   ;
; code_decoder_unit/decoder_data_process.bdf                   ;
; code_decoder_unit/decoder_main.vhd                           ;
; code_decoder_unit/decoder_unit.bdf                           ;
; code_decoder_unit/dff_12.bsf                                 ;
; code_decoder_unit/dff_12.cmp                                 ;
; code_decoder_unit/dff_12.inc                                 ;
; code_decoder_unit/dff_12.qip                                 ;
; code_decoder_unit/dff_12.vhd                                 ;
; code_decoder_unit/dff_12_inst.vhd                            ;
; code_decoder_unit/dff_14.bsf                                 ;
; code_decoder_unit/dff_14.cmp                                 ;
; code_decoder_unit/dff_14.qip                                 ;
; code_decoder_unit/dff_14.vhd                                 ;
; code_decoder_unit/divider_10_24.vhd                          ;
; code_decoder_unit/divider_10_34.vhd                          ;
; code_decoder_unit/fifo_256w_180b.bsf                         ;
; code_decoder_unit/fifo_256w_180b.cmp                         ;
; code_decoder_unit/fifo_256w_180b.qip                         ;
; code_decoder_unit/fifo_256w_180b.vhd                         ;
; code_decoder_unit/fifo_512w_128b.bsf                         ;
; code_decoder_unit/fifo_512w_128b.cmp                         ;
; code_decoder_unit/fifo_512w_128b.inc                         ;
; code_decoder_unit/fifo_512w_128b.qip                         ;
; code_decoder_unit/fifo_512w_128b.vhd                         ;
; code_decoder_unit/fifo_512w_128b_inst.vhd                    ;
; code_decoder_unit/fifo_input_adapter.vhd                     ;
; code_decoder_unit/fir.bdf                                    ;
; code_decoder_unit/multiplier_24_d1.bsf                       ;
; code_decoder_unit/multiplier_24_d1.cmp                       ;
; code_decoder_unit/multiplier_24_d1.qip                       ;
; code_decoder_unit/multiplier_24_d1.vhd                       ;
; code_decoder_unit/multiplier_tap0_12.bsf                     ;
; code_decoder_unit/multiplier_tap0_12.cmp                     ;
; code_decoder_unit/multiplier_tap0_12.qip                     ;
; code_decoder_unit/multiplier_tap0_12.vhd                     ;
; code_decoder_unit/multiplier_tap0_12_wave0.jpg               ;
; code_decoder_unit/multiplier_tap0_12_waveforms.html          ;
; code_decoder_unit/multiplier_tap1_12.bsf                     ;
; code_decoder_unit/multiplier_tap1_12.cmp                     ;
; code_decoder_unit/multiplier_tap1_12.qip                     ;
; code_decoder_unit/multiplier_tap1_12.vhd                     ;
; code_decoder_unit/multiplier_tap1_12_wave0.jpg               ;
; code_decoder_unit/multiplier_tap1_12_waveforms.html          ;
; code_decoder_unit/multiplier_tap2_12.bsf                     ;
; code_decoder_unit/multiplier_tap2_12.cmp                     ;
; code_decoder_unit/multiplier_tap2_12.qip                     ;
; code_decoder_unit/multiplier_tap2_12.vhd                     ;
; code_decoder_unit/multiplier_tap2_12_wave0.jpg               ;
; code_decoder_unit/multiplier_tap2_12_waveforms.html          ;
; code_decoder_unit/multiplier_tap3_12.bsf                     ;
; code_decoder_unit/multiplier_tap3_12.cmp                     ;
; code_decoder_unit/multiplier_tap3_12.qip                     ;
; code_decoder_unit/multiplier_tap3_12.vhd                     ;
; code_decoder_unit/multiplier_tap3_12_wave0.jpg               ;
; code_decoder_unit/multiplier_tap3_12_waveforms.html          ;
; code_decoder_unit/multiplier_tap4_12.bsf                     ;
; code_decoder_unit/multiplier_tap4_12.cmp                     ;
; code_decoder_unit/multiplier_tap4_12.qip                     ;
; code_decoder_unit/multiplier_tap4_12.vhd                     ;
; code_decoder_unit/multiplier_tap4_12_wave0.jpg               ;
; code_decoder_unit/multiplier_tap4_12_waveforms.html          ;
; code_decoder_unit/multiplier_tap5_12.bsf                     ;
; code_decoder_unit/multiplier_tap5_12.cmp                     ;
; code_decoder_unit/multiplier_tap5_12.qip                     ;
; code_decoder_unit/multiplier_tap5_12.vhd                     ;
; code_decoder_unit/multiplier_tap5_12_wave0.jpg               ;
; code_decoder_unit/multiplier_tap5_12_waveforms.html          ;
; code_decoder_unit/mux_21_128.bsf                             ;
; code_decoder_unit/mux_21_128.cmp                             ;
; code_decoder_unit/mux_21_128.inc                             ;
; code_decoder_unit/mux_21_128.qip                             ;
; code_decoder_unit/mux_21_128.vhd                             ;
; code_decoder_unit/mux_21_128_inst.vhd                        ;
; code_decoder_unit/mux_21_180.bsf                             ;
; code_decoder_unit/mux_21_180.cmp                             ;
; code_decoder_unit/mux_21_180.qip                             ;
; code_decoder_unit/mux_21_180.vhd                             ;
; code_decoder_unit/mux_41_128_p1.bsf                          ;
; code_decoder_unit/mux_41_128_p1.cmp                          ;
; code_decoder_unit/mux_41_128_p1.inc                          ;
; code_decoder_unit/mux_41_128_p1.qip                          ;
; code_decoder_unit/mux_41_128_p1.vhd                          ;
; code_decoder_unit/mux_41_128_p1_inst.vhd                     ;
; code_decoder_unit/mux_41_180_p1.bsf                          ;
; code_decoder_unit/mux_41_180_p1.cmp                          ;
; code_decoder_unit/mux_41_180_p1.qip                          ;
; code_decoder_unit/mux_41_180_p1.vhd                          ;
; code_decoder_unit/mux_51_180_p1.bsf                          ;
; code_decoder_unit/mux_51_180_p1.cmp                          ;
; code_decoder_unit/mux_51_180_p1.inc                          ;
; code_decoder_unit/mux_51_180_p1.qip                          ;
; code_decoder_unit/mux_51_180_p1.vhd                          ;
; code_decoder_unit/mux_51_180_p1_inst.vhd                     ;
; code_decoder_unit/reg_14.bsf                                 ;
; code_decoder_unit/reg_14.cmp                                 ;
; code_decoder_unit/reg_14.inc                                 ;
; code_decoder_unit/reg_14.qip                                 ;
; code_decoder_unit/reg_14.vhd                                 ;
; code_decoder_unit/reg_14_inst.vhd                            ;
; code_decoder_unit/reg_1_1.bsf                                ;
; code_decoder_unit/reg_1_1.cmp                                ;
; code_decoder_unit/reg_1_1.qip                                ;
; code_decoder_unit/reg_1_1.vhd                                ;
; code_decoder_unit/reg_24.bsf                                 ;
; code_decoder_unit/reg_24.cmp                                 ;
; code_decoder_unit/reg_24.inc                                 ;
; code_decoder_unit/reg_24.qip                                 ;
; code_decoder_unit/reg_24.vhd                                 ;
; code_decoder_unit/reg_24_inst.vhd                            ;
; code_decoder_unit/reg_48.bsf                                 ;
; code_decoder_unit/reg_48.cmp                                 ;
; code_decoder_unit/reg_48.inc                                 ;
; code_decoder_unit/reg_48.qip                                 ;
; code_decoder_unit/reg_48.vhd                                 ;
; code_decoder_unit/reg_48_inst.vhd                            ;
; code_decoder_unit/shift_reg_112_1.bsf                        ;
; code_decoder_unit/shift_reg_112_1.cmp                        ;
; code_decoder_unit/shift_reg_112_1.inc                        ;
; code_decoder_unit/shift_reg_112_1.qip                        ;
; code_decoder_unit/shift_reg_112_1.vhd                        ;
; code_decoder_unit/shift_reg_112_1_inst.vhd                   ;
; code_decoder_unit/shift_reg_32_12.vhd                        ;
; code_decoder_unit/shift_reg_400_12.vhd                       ;
; code_decoder_unit/shift_reg_400_14.vhd                       ;
; code_decoder_unit/shift_reg_64_14.vhd                        ;
; code_decoder_unit/shift_reg_8_12.vhd                         ;
; code_decoder_unit/shift_reg_90_1.bsf                         ;
; code_decoder_unit/shift_reg_90_1.cmp                         ;
; code_decoder_unit/shift_reg_90_1.qip                         ;
; code_decoder_unit/shift_reg_90_1.vhd                         ;
; code_decoder_unit/sign_extension_10_14.vhd                   ;
; code_decoder_unit/subtractor_12.bsf                          ;
; code_decoder_unit/subtractor_12.cmp                          ;
; code_decoder_unit/subtractor_12.inc                          ;
; code_decoder_unit/subtractor_12.qip                          ;
; code_decoder_unit/subtractor_12.vhd                          ;
; code_decoder_unit/subtractor_12_inst.vhd                     ;
; code_decoder_unit/subtractor_14.bsf                          ;
; code_decoder_unit/subtractor_14.cmp                          ;
; code_decoder_unit/subtractor_14.qip                          ;
; code_decoder_unit/subtractor_14.vhd                          ;
; code_decoder_unit/task_control.vhd                           ;
; code_flash_unit/flash_unit.vhd                               ;
; code_ft245_interface/ft245_interface.vhd                     ;
; code_ft245_interface/hex_to_asc.vhd                          ;
; code_ft245_interface/mux_21_4.bsf                            ;
; code_ft245_interface/mux_21_4.cmp                            ;
; code_ft245_interface/mux_21_4.inc                            ;
; code_ft245_interface/mux_21_4.qip                            ;
; code_ft245_interface/mux_21_4.vhd                            ;
; code_ft245_interface/mux_21_4_inst.vhd                       ;
; code_ft245_interface/mux_32to1_4.bsf                         ;
; code_ft245_interface/mux_32to1_4.cmp                         ;
; code_ft245_interface/mux_32to1_4.inc                         ;
; code_ft245_interface/mux_32to1_4.qip                         ;
; code_ft245_interface/mux_32to1_4.vhd                         ;
; code_ft245_interface/mux_32to1_4_inst.vhd                    ;
; code_ft245_interface/mux_40to1_4.bsf                         ;
; code_ft245_interface/mux_40to1_4.cmp                         ;
; code_ft245_interface/mux_40to1_4.qip                         ;
; code_ft245_interface/mux_40to1_4.vhd                         ;
; code_ft245_interface/reg_128.bsf                             ;
; code_ft245_interface/reg_128.cmp                             ;
; code_ft245_interface/reg_128.inc                             ;
; code_ft245_interface/reg_128.qip                             ;
; code_ft245_interface/reg_128.vhd                             ;
; code_ft245_interface/reg_128_inst.vhd                        ;
; code_ft245_interface/reg_180.bsf                             ;
; code_ft245_interface/reg_180.cmp                             ;
; code_ft245_interface/reg_180.qip                             ;
; code_ft245_interface/reg_180.vhd                             ;
; code_ft245_interface/reg_8.bsf                               ;
; code_ft245_interface/reg_8.cmp                               ;
; code_ft245_interface/reg_8.qip                               ;
; code_ft245_interface/reg_8.vhd                               ;
; code_ft245_interface/usb_state_machine.vhd                   ;
; code_pubic/clkctrl_50.bsf                                    ;
; code_pubic/clkctrl_50.cmp                                    ;
; code_pubic/clkctrl_50.inc                                    ;
; code_pubic/clkctrl_50.qip                                    ;
; code_pubic/clkctrl_50.vhd                                    ;
; code_pubic/clkctrl_50_inst.vhd                               ;
; code_pubic/clock_divider.vhd                                 ;
; code_pubic/clock_unit.bdf                                    ;
; code_pubic/edge_detect.vhd                                   ;
; code_pubic/hex_led_coder.vhd                                 ;
; code_pubic/pll_50.bsf                                        ;
; code_pubic/pll_50.cmp                                        ;
; code_pubic/pll_50.inc                                        ;
; code_pubic/pll_50.ppf                                        ;
; code_pubic/pll_50.qip                                        ;
; code_pubic/pll_50.vhd                                        ;
; code_pubic/pll_50_inst.vhd                                   ;
; code_pubic/reg_12.bsf                                        ;
; code_pubic/reg_12.cmp                                        ;
; code_pubic/reg_12.inc                                        ;
; code_pubic/reg_12.qip                                        ;
; code_pubic/reg_12.vhd                                        ;
; code_pubic/reg_12_inst.vhd                                   ;
; code_test/test_counter.vhd                                   ;
; code_test/test_data_capture.vhd                              ;
; code_test/test_data_source.vhd                               ;
; db/receiver_add_mode.cmp.hdb                                 ;
; db/receiver_add_mode.db_info                                 ;
; db/receiver_add_mode.sim.cvwf                                ;
; incremental_db/compiled_partitions/receiver_add_mode.db_info ;
; led_adapter.vhd                                              ;
; led_flash.vhd                                                ;
; receiver.bdf                                                 ;
; receiver.qpf                                                 ;
; receiver.vwf                                                 ;
; receiver_add_mode.qsf                                        ;
; receiver_add_mode_assignment_defaults.qdf                    ;
; reg_112.bsf                                                  ;
; reg_112.cmp                                                  ;
; reg_112.inc                                                  ;
; reg_112.qip                                                  ;
; reg_112.vhd                                                  ;
; reg_112_inst.vhd                                             ;
; tmp_const.vhd                                                ;
; tmp_const_14.vhd                                             ;
+--------------------------------------------------------------+


+--------------------+
; Files Not Restored ;
+--------------------+
; File Name          ;
+--------------------+


